Task 1: Users and groups

Создайте группу sales с GID 4000 и пользователей bob, alice, eve c основной группой sales. 
[Dima@test etc]$ sudo groupadd -g 4000 sales
[Dima@test etc]$ sudo useradd bob -G sales
[Dima@test etc]$ sudo useradd alice -G sales
[Dima@test etc]$ sudo useradd eve -G sales

Измените пользователям пароли.
[Dima@test etc]$ sudo passwd bob
Changing password for user bob.
New password:
[Dima@test etc]$ sudo passwd alice
Changing password for user alice.
New password:
[Dima@test etc]$ sudo passwd eve
Changing password for user eve.
New password:

Все новые аккаунты должны обязательно менять свои пароли каждый 30 дней.
[Dima@test etc]$ sudo chage -m 30 -M 30 bob
[Dima@test etc]$ sudo chage -m 30 -M alice
[Dima@test etc]$ sudo chage -m 30 -M eve
[Dima@test etc]$ sudo chage -l eve
Last password change                                    : Dec 12, 2021
Password expires                                        : Jan 11, 2022
Password inactive                                       : never
Account expires                                         : Mar 12, 2022
Minimum number of days between password change          : 30
Maximum number of days between password change          : 30
Number of days of warning before password expires       : 7

Новые аккаунты группы sales должны истечь по окончанию 90 дней срока
[Dima@test etc]$ date -d "+90 days" +%F
2022-03-12
[Dima@test etc]$ sudo chage -E 2022-03-12 bob
[Dima@test etc]$ sudo chage -E 2022-03-12 alice
[Dima@test etc]$ sudo chage -E 2022-03-12 eve
[Dima@test etc]$ sudo chage -l eve
Last password change                                    : Dec 12, 2021
Password expires                                        : Jan 11, 2022
Password inactive                                       : never
Account expires                                         : Mar 12, 2022
Minimum number of days between password change          : 30
Maximum number of days between password change          : 30
Number of days of warning before password expires       : 7

а bob должен изменять его пароль каждые 15 дней.
[Dima@test etc]$ sudo chage -M 15 bob
[Dima@test etc]$ sudo chage -l bob
Last password change                                    : Dec 12, 2021
Password expires                                        : Dec 27, 2021
Password inactive                                       : never
Account expires                                         : Mar 12, 2022
Minimum number of days between password change          : 0
Maximum number of days between password change          : 15
Number of days of warning before password expires       : 7

Дополнительно:

Заставьте пользователей сменить пароль после первого логина.
[Dima@test etc]$ sudo chage -d 0 bob
[Dima@test etc]$ su bob
Password:
You are required to change your password immediately (root enforced)
Changing password for bob.
(current) UNIX password:

[Dima@test etc]$ sudo chage -d 0 alice
[Dima@test etc]$ su alice
Password:
You are required to change your password immediately (root enforced)
Changing password for alice.
(current) UNIX password:

[Dima@test etc]$ sudo chage -d 0 eve
[Dima@test etc]$ su eve
Password:
You are required to change your password immediately (root enforced)
Changing password for eve.
(current) UNIX password:


Task 2: Controlling access to files with Linux file system permissions
Создайте трёх пользователей glen, antony, lesly.
[Dima@test etc]$ sudo useradd glen -G students
[Dima@test etc]$ sudo useradd antony -G students
[Dima@test etc]$ sudo useradd lesly -G students

У вас должна быть директория /home/students, где эти три пользователя могут работать совместно с файлами.
[Dima@test ~]$ mkdir students

Должен быть возможен только пользовательский и групповой доступ, создание и удаление файлов в /home/students. 
[Dima@test ~]$ chmod u=rwx,g=rwx,o=--- /home/Dima/students 
drwxrwx---. 2 Dima students         6 Dec 12 17:23 students

Файлы, созданные в этой директории, должны автоматически присваиваться группе студентов students.
[Dima@test ~]$  sudo chgrp students /home/Dima/students
[Dima@test ~]$ sudo chmod g+s students
...
-rw-rw-r--. 1 Dima   students 0 Dec 13 23:48 test
-rw-rw-r--. 1 glen   students 0 Dec 13 23:50 test2
-rw-rw-r--. 1 antony students 0 Dec 13 23:50 test3
-rw-rw-r--. 1 lesly  students 0 Dec 13 23:51 test4


Task3: ACL
Предварительный шаг:
От суперпользователя создайте папку /share/cases и создайте внутри 2 файла murders.txt и moriarty.txt.
[root@test ~]# cd /share/cases
[root@test cases]# ll
total 0
-rw-r--r--. 1 root root 0 Dec 13 15:40 moriarty.txt
-rw-r--r--. 1 root root 0 Dec 13 15:40 murders.txt

Создайте группу bakerstreet с пользователями holmes, watson.
[root@test etc]# groupadd bakerstreet
[root@test etc]# useradd holmes -G bakerstreet
[root@test etc]# useradd watson -G bakerstreet
Результат:
bakerstreet:x:4002:holmes,watson

Создайте группу scotlandyard с пользователями lestrade, gregson, jones.
[root@test etc]# groupadd scotlandyard
[root@test etc]# useradd lestrade -G scotlandyard
[root@test etc]# useradd gregson -G scotlandyard
[root@test etc]# useradd jones -G scotlandyard
Результат:
scotlandyard:x:4003:lestrade,gregson,jones
lestrade:x:1009:
gregson:x:1010:
jones:x:1011:

Задайте всем пользователям безопасные пароли.
[root@test ~]# passwd holmes
Changing password for user holmes.
New password:
[root@test ~]# passwd watson
Changing password for user watson.
New password:
[root@test ~]# passwd lestrade
Changing password for user lestrade.
New password:
[root@test ~]# passwd gregson
Changing password for user gregson.
New password:
[root@test ~]# passwd jones
Changing password for user jones.
New password:

Директория и всё её содержимое должно принадлежать группе bakerstreet, при этом файлы должны обновляться для чтения и записи для владельца и группы (bakerstreet). 
[root@test ~]# chgrp bakerstreet share
[root@test share]# chgrp bakerstreet cases
Результат:
[root@test share]# cd cases
[root@test cases]# ll
total 0
-rw-rwxr--+ 1 root bakerstreet 0 Dec 13 15:40 moriarty.txt
-rw-rwxr--+ 1 root bakerstreet 0 Dec 13 15:40 murders.txt

Директория и всё её содержимое должно принадлежать группе bakerstreet, при этом файлы должны обновляться для чтения и записи для владельца и группы (bakerstreet). 
Вам также необходимо предоставить доступы на чтение и запись для группы scotlandyard, за исключением Jones, который может только читать документы.

Настройки, согласно заданию:
[root@test cases] setfacl -m "default:user:jones:r--" .  # процесс редактирования пользователя jones (только чтение). *Настройки выполнялись аналогичным образом.
[root@test cases]# getfacl .
# file: .
# owner: root
# group: bakerstreet              # группа-владелец
# flags: -s-
user::---
user:root:rwx
user:jones:r-x                    # jones может читать и открыть директорию с файлами
group::---
group:bakerstreet:rwx             # пользователи группы могут читать, изменять и переходить в директорию
group:scotlandyard:rwx            # пользователи группы могут читать, изменять и переходить в директорию
mask::rwx
other::---
default:user::rwx
default:user:root:rwx         
default:user:jones:r--            # jones может только смотреть файлы
default:group::r-x
default:group:bakerstreet:rw-     # пользователи группы могут читать и изменять файлы в директории
default:group:scotlandyard:rw-    # пользователи группы могут читать и изменять файлы в директории
default:mask::rwx
default:other::---

Результат редактирования файлов в директории разными пользователями.
[gregson@test cases]$ ll
total 0
-rw-rwxr--+ 1 root     bakerstreet 0 Dec 13 15:40 moriarty.txt
-rw-rwxr--+ 1 root     bakerstreet 0 Dec 13 15:40 murders.txt
-rw-rw----+ 1 holmes   bakerstreet 0 Dec 13 23:11 test5
-rw-rw----+ 1 watson   bakerstreet 0 Dec 13 23:12 test6
-rw-rw----+ 1 lestrade bakerstreet 0 Dec 13 23:12 test7
-rw-rw----+ 1 gregson  bakerstreet 0 Dec 13 23:13 test8
[gregson@test cases]$ su jones
Password:
[jones@test cases]$ touch test9                                   # jones не смог записать новый файл
touch: cannot touch ‘test9’: Permission denied


