Ex.1
Открыть инструкцию по пользованию приложением awk. Найти секцию про использование переменных окружения. Сохранить эту секцию в отдельный файл.

[Dima@test ~]$ man awk
/Environment Variables
[Dima@test ~]$ man awk | cat > /home/Dima/EM.txt
[Dima@test ~]$ awk '/ENVIRONMENT VARIABLES/,/effect./ { print }' EM.txt > EM2.txt
[Dima@test ~]$ cat EM2.txt
ENVIRONMENT VARIABLES
       The AWKPATH environment variable can be  used  to  provide  a  list  of
       directories  that gawk searches when looking for files named via the -f
       and --file options.

       For socket communication, two special environment variables can be used
       to  control the number of retries (GAWK_SOCK_RETRIES), and the interval
       between retries (GAWK_MSEC_SLEEP).  The interval is in milliseconds. On
       systems  that  do  not support usleep(3), the value is rounded up to an
       integral number of seconds.

       If POSIXLY_CORRECT exists in the environment, then gawk behaves exactly
       as  if  --posix  had been specified on the command line.  If --lint has
       been specified, gawk issues a warning message to this effect.


Ex.2
Написать скрипт, который создаёт файл "task2.txt" директорией выше своего местоположения. В случае ошибки текст ошибки записывается в err.log а пользователю выдаётся сообщение "Error."

#!/bin/bash
error_message=$(touch ../task2.txt 2>&1)
if [[ $? != 0 ]]; then
echo $error_message >> err.log
echo "Error"
else
echo "No error detected"
fi


Ex.3
Создать 2 файла: 1-й - текстовый с указанием абслютного пути до директории. 2-й - скрипт, который при выполнении выводит содержимое директории по указанному в первом файле.

[Dima@test ~]$ touch directory.txt
[Dima@test ~]$ nano directory.txt
/home/Dima
[Dima@test ~]$ touch task3.sh
nano task3.sh
#!/bin/bash
ls $(cat directory.txt)
[Dima@test ~]$ chmod +x task3.sh
[Dima@test ~]$ ./task3.sh
directory.txt  err.log         file_name3.md.latest  myscript.sh  processed
EM2.txt        file_name1.txt  help                  nano         task3.sh
EM.txt         file_name2      in-process            new


Ex.4
По желанию. Самостоятельно изучить экранные мультиплексоры (screen или tmux), установить один из них себе и ознакомиться с функционалом. На любые возникшие вопросы ответят преподаватели курса.

[Dima@test ~]$ sudo yum install screen
