Ex.1
[Dima@test ~]$ ls /usr/share/man/man{0..9}{,x,X}/*config**
ls: cannot access /usr/share/man/man0/*config**: No such file or directory
ls: cannot access /usr/share/man/man0x/*config**: No such file or directory
ls: cannot access /usr/share/man/man0X/*config**: No such file or directory
ls: cannot access /usr/share/man/man1x/*config**: No such file or directory
ls: cannot access /usr/share/man/man1X/*config**: No such file or directory
ls: cannot access /usr/share/man/man2/*config**: No such file or directory
ls: cannot access /usr/share/man/man2x/*config**: No such file or directory
ls: cannot access /usr/share/man/man2X/*config**: No such file or directory
ls: cannot access /usr/share/man/man3/*config**: No such file or directory
ls: cannot access /usr/share/man/man3x/*config**: No such file or directory
ls: cannot access /usr/share/man/man3X/*config**: No such file or directory
ls: cannot access /usr/share/man/man4/*config**: No such file or directory
ls: cannot access /usr/share/man/man4x/*config**: No such file or directory
ls: cannot access /usr/share/man/man4X/*config**: No such file or directory
ls: cannot access /usr/share/man/man5x/*config**: No such file or directory
ls: cannot access /usr/share/man/man5X/*config**: No such file or directory
ls: cannot access /usr/share/man/man6/*config**: No such file or directory
ls: cannot access /usr/share/man/man6x/*config**: No such file or directory
ls: cannot access /usr/share/man/man6X/*config**: No such file or directory
ls: cannot access /usr/share/man/man7/*config**: No such file or directory
ls: cannot access /usr/share/man/man7x/*config**: No such file or directory
ls: cannot access /usr/share/man/man7X/*config**: No such file or directory
ls: cannot access /usr/share/man/man8x/*config**: No such file or directory
ls: cannot access /usr/share/man/man8X/*config**: No such file or directory
ls: cannot access /usr/share/man/man9/*config**: No such file or directory
ls: cannot access /usr/share/man/man9x/*config**: No such file or directory
ls: cannot access /usr/share/man/man9X/*config**: No such file or directory
/usr/share/man/man1/pkg-config.1.gz
/usr/share/man/man1/yum-config-manager.1.gz
/usr/share/man/man5/config.5ssl.gz
/usr/share/man/man5/config-util.5.gz
/usr/share/man/man5/selinux_config.5.gz
/usr/share/man/man5/ssh_config.5.gz
/usr/share/man/man5/sshd_config.5.gz
/usr/share/man/man5/x509v3_config.5ssl.gz
/usr/share/man/man8/abrt-configuration.8.gz
/usr/share/man/man8/authconfig.8.gz
/usr/share/man/man8/authconfig-tui.8.gz
/usr/share/man/man8/chkconfig.8.gz
/usr/share/man/man8/grub2-mkconfig.8.gz
/usr/share/man/man8/ifconfig.8.gz
/usr/share/man/man8/iprconfig.8.gz
/usr/share/man/man8/ldconfig.8.gz
/usr/share/man/man8/lvm-config.8.gz
/usr/share/man/man8/lvmconfig.8.gz
/usr/share/man/man8/lvm-dumpconfig.8.gz
/usr/share/man/man8/plipconfig.8.gz
/usr/share/man/man8/sg_get_config.8.gz
/usr/share/man/man8/sys-unconfig.8.gz
/usr/share/man/man8/vdodumpconfig.8.gz

[Dima@test ~]$ ls /usr/share/man/man{1,7}/*system*
/usr/share/man/man1/systemctl.1.gz
/usr/share/man/man1/systemd.1.gz
/usr/share/man/man1/systemd-analyze.1.gz
/usr/share/man/man1/systemd-ask-password.1.gz
/usr/share/man/man1/systemd-bootchart.1.gz
/usr/share/man/man1/systemd-cat.1.gz
/usr/share/man/man1/systemd-cgls.1.gz
/usr/share/man/man1/systemd-cgtop.1.gz
/usr/share/man/man1/systemd-delta.1.gz
/usr/share/man/man1/systemd-detect-virt.1.gz
/usr/share/man/man1/systemd-escape.1.gz
/usr/share/man/man1/systemd-firstboot.1.gz
/usr/share/man/man1/systemd-firstboot.service.1.gz
/usr/share/man/man1/systemd-inhibit.1.gz
/usr/share/man/man1/systemd-machine-id-commit.1.gz
/usr/share/man/man1/systemd-machine-id-setup.1.gz
/usr/share/man/man1/systemd-notify.1.gz
/usr/share/man/man1/systemd-nspawn.1.gz
/usr/share/man/man1/systemd-path.1.gz
/usr/share/man/man1/systemd-run.1.gz
/usr/share/man/man1/systemd-tty-ask-password-agent.1.gz
/usr/share/man/man7/lvmsystemid.7.gz
/usr/share/man/man7/nfs.systemd.7.gz
/usr/share/man/man7/systemd.directives.7.gz
/usr/share/man/man7/systemd.generator.7.gz
/usr/share/man/man7/systemd.index.7.gz
/usr/share/man/man7/systemd.journal-fields.7.gz
/usr/share/man/man7/systemd.special.7.gz
/usr/share/man/man7/systemd.time.7.gz

Ex.2
[Dima@test ~]$ find /usr/share/man/ -name "*help*"
/usr/share/man/man1/help.1.gz
/usr/share/man/man5/firewalld.helper.5.gz
/usr/share/man/man8/mkhomedir_helper.8.gz
/usr/share/man/man8/pwhistory_helper.8.gz
/usr/share/man/man8/ssh-pkcs11-helper.8.gz
/usr/share/man/man8/consolehelper.8.gz
/usr/share/man/man8/userhelper.8.gz

[Dima@test ~]$ sudo find /usr/share/man -name conf*
/usr/share/man/man3/confstr.3.gz
/usr/share/man/man3p/confstr.3p.gz
/usr/share/man/man5/config.5ssl.gz
/usr/share/man/man5/config-util.5.gz
/usr/share/man/overrides/man1/config.guess.1.gz
/usr/share/man/overrides/man1/config.sub.1.gz
/usr/share/man/overrides/man3/confstr.3.gz

Ex.3
[Dima@test ~]$ head /etc/yum.conf -n 7
[main]
cachedir=/var/cache/yum/$basearch/$releasever
keepcache=0
debuglevel=2
logfile=/var/log/yum.log
exactarch=1
obsoletes=1

[Dima@test ~]$ tail /etc/fstab -n 2
UUID=3b530d17-9091-4832-a964-e6a0df34febc /boot                   xfs     defaults        0 0
/dev/mapper/centos_test-swap swap                    swap    defaults        0 0

[Dima@test ~]$ wc /etc/fstab -l
11 /etc/fstab
[Dima@test ~]$ head wc /etc/fstab -n 100
head: cannot open â€˜wcâ€™ for reading: No such file or directory
==> /etc/fstab <==

#
# /etc/fstab
# Created by anaconda on Sat Nov 27 23:07:04 2021
#
# Accessible filesystems, by reference, are maintained under '/dev/disk'
# See man pages fstab(5), findfs(8), mount(8) and/or blkid(8) for more info
#
/dev/mapper/centos_test-root /                       xfs     defaults        0 0
UUID=3b530d17-9091-4832-a964-e6a0df34febc /boot                   xfs     defaults        0 0
/dev/mapper/centos_test-swap swap                    swap    defaults        0 0

Ex.4
[Dima@test ~]$ touch file_name{1,2,3}.md
[Dima@test ~]$ ls
file_name1.md  file_name2.md  file_name3.md 

[Dima@test ~]$ mv file_name1.{md,textdoc}
[Dima@test ~]$ ls
file_name1.textdoc  file_name3.md  file_name2.md 

[Dima@test ~]$ mv file_name2{.md,}
[Dima@test ~]$ ls
file_name1.textdoc  file_name2  file_name3.md 

[Dima@test ~]$ mv file_name3.md{,.latest}
[Dima@test ~]$ ls
file_name1.textdoc  file_name2   file_name3.md.latest 

[Dima@test ~]$ mv file_name1.{textdoc,txt}
[Dima@test ~]$ ls
file_name1.txt  file_name2  file_name3.md.latest  

Ex.5
[Dima@test ~]$ cd /mnt
[Dima@test mnt]$

[Dima@test mnt]$ cd ~
[Dima@test ~]$

[Dima@test mnt]$ cd /home/Dima
[Dima@test ~]$

Ex.6
[Dima@test ~]$ mkdir -p new in-process/tread{0,1,2} processed
[Dima@test ~]$ ls
new  in-process  processed

[Dima@test ~]$ ls in-process
tread0  tread1  tread2

[Dima@test ~]$ cd new
[Dima@test new]$ touch data{001..100}
[Dima@test new]$ ls
data001  data013  data025  data037  data049  data061  data073  data085  data097
data002  data014  data026  data038  data050  data062  data074  data086  data098
data003  data015  data027  data039  data051  data063  data075  data087  data099
data004  data016  data028  data040  data052  data064  data076  data088  data100
data005  data017  data029  data041  data053  data065  data077  data089
data006  data018  data030  data042  data054  data066  data078  data090
data007  data019  data031  data043  data055  data067  data079  data091
data008  data020  data032  data044  data056  data068  data080  data092
data009  data021  data033  data045  data057  data069  data081  data093
data010  data022  data034  data046  data058  data070  data082  data094
data011  data023  data035  data047  data059  data071  data083  data095
data012  data024  data036  data048  data060  data072  data084  data096


[Dima@test ~]$ cp /home/Dima/new/data{001..034} /home/Dima/in-process/tread0
[Dima@test ~]$ cd in-process
[Dima@test in-process]$ cd tread0
[Dima@test tread0]$ ls
data001  data005  data009  data013  data017  data021  data025  data029  data033
data002  data006  data010  data014  data018  data022  data026  data030  data034
data003  data007  data011  data015  data019  data023  data027  data031
data004  data008  data012  data016  data020  data024  data028  data032


[Dima@test ~]$ cp /home/Dima/new/data{035..067} /home/Dima/in-process/tread1
[Dima@test ~]$ cd in-process
[Dima@test in-process]$ cd tread1
[Dima@test tread1]$ ls
data035  data039  data043  data047  data051  data055  data059  data063  data067
data036  data040  data044  data048  data052  data056  data060  data064
data037  data041  data045  data049  data053  data057  data061  data065
data038  data042  data046  data050  data054  data058  data062  data066


[Dima@test ~]$ cp /home/Dima/new/data{068..100} /home/Dima/in-process/tread2
[Dima@test ~]$ cd in-process
[Dima@test in-process]$ cd tread2
[Dima@test tread2]$ ls
data068  data072  data076  data080  data084  data088  data092  data096  data100
data069  data073  data077  data081  data085  data089  data093  data097
data070  data074  data078  data082  data086  data090  data094  data098
data071  data075  data079  data083  data087  data091  data095  data099


[Dima@test in-process]$ ls -l
total 12
drwxrwxr-x. 2 Dima Dima 4096 Dec  1 16:02 tread0
drwxrwxr-x. 2 Dima Dima 4096 Dec  1 16:09 tread1
drwxrwxr-x. 2 Dima Dima 4096 Dec  1 16:11 tread2

[Dima@test in-process]$ mv * /home/Dima/processed
[Dima@test in-process]$ cd ~
[Dima@test ~]$ cd processed
[Dima@test processed]$ ls
tread0  tread1  tread2

[Dima@test processed]$ find /home/Dima -name data*
/home/Dima/processed/tread0/data001
/home/Dima/processed/tread0/data002
/home/Dima/processed/tread0/data003
/home/Dima/processed/tread0/data004
/home/Dima/processed/tread0/data005
/home/Dima/processed/tread0/data006
/home/Dima/processed/tread0/data007
/home/Dima/processed/tread0/data008
/home/Dima/processed/tread0/data009
/home/Dima/processed/tread0/data010
/home/Dima/processed/tread0/data011
/home/Dima/processed/tread0/data012
/home/Dima/processed/tread0/data013
/home/Dima/processed/tread0/data014
/home/Dima/processed/tread0/data015
/home/Dima/processed/tread0/data016
/home/Dima/processed/tread0/data017
/home/Dima/processed/tread0/data018
/home/Dima/processed/tread0/data019
/home/Dima/processed/tread0/data020
/home/Dima/processed/tread0/data021
/home/Dima/processed/tread0/data022
/home/Dima/processed/tread0/data023
/home/Dima/processed/tread0/data024
/home/Dima/processed/tread0/data025
/home/Dima/processed/tread0/data026
/home/Dima/processed/tread0/data027
/home/Dima/processed/tread0/data028
/home/Dima/processed/tread0/data029
/home/Dima/processed/tread0/data030
/home/Dima/processed/tread0/data031
/home/Dima/processed/tread0/data032
/home/Dima/processed/tread0/data033
/home/Dima/processed/tread0/data034
/home/Dima/processed/tread1/data035
/home/Dima/processed/tread1/data036
/home/Dima/processed/tread1/data037
/home/Dima/processed/tread1/data038
/home/Dima/processed/tread1/data039
/home/Dima/processed/tread1/data040
/home/Dima/processed/tread1/data041
/home/Dima/processed/tread1/data042
/home/Dima/processed/tread1/data043
/home/Dima/processed/tread1/data044
/home/Dima/processed/tread1/data045
/home/Dima/processed/tread1/data046
/home/Dima/processed/tread1/data047
/home/Dima/processed/tread1/data048
/home/Dima/processed/tread1/data049
/home/Dima/processed/tread1/data050
/home/Dima/processed/tread1/data051
/home/Dima/processed/tread1/data052
/home/Dima/processed/tread1/data053
/home/Dima/processed/tread1/data054
/home/Dima/processed/tread1/data055
/home/Dima/processed/tread1/data056
/home/Dima/processed/tread1/data057
/home/Dima/processed/tread1/data058
/home/Dima/processed/tread1/data059
/home/Dima/processed/tread1/data060
/home/Dima/processed/tread1/data061
/home/Dima/processed/tread1/data062
/home/Dima/processed/tread1/data063
/home/Dima/processed/tread1/data064
/home/Dima/processed/tread1/data065
/home/Dima/processed/tread1/data066
/home/Dima/processed/tread1/data067
/home/Dima/processed/tread2/data068
/home/Dima/processed/tread2/data069
/home/Dima/processed/tread2/data070
/home/Dima/processed/tread2/data071
/home/Dima/processed/tread2/data072
/home/Dima/processed/tread2/data073
/home/Dima/processed/tread2/data074
/home/Dima/processed/tread2/data075
/home/Dima/processed/tread2/data076
/home/Dima/processed/tread2/data077
/home/Dima/processed/tread2/data078
/home/Dima/processed/tread2/data079
/home/Dima/processed/tread2/data080
/home/Dima/processed/tread2/data081
/home/Dima/processed/tread2/data082
/home/Dima/processed/tread2/data083
/home/Dima/processed/tread2/data084
/home/Dima/processed/tread2/data085
/home/Dima/processed/tread2/data086
/home/Dima/processed/tread2/data087
/home/Dima/processed/tread2/data088
/home/Dima/processed/tread2/data089
/home/Dima/processed/tread2/data090
/home/Dima/processed/tread2/data091
/home/Dima/processed/tread2/data092
/home/Dima/processed/tread2/data093
/home/Dima/processed/tread2/data094
/home/Dima/processed/tread2/data095
/home/Dima/processed/tread2/data096
/home/Dima/processed/tread2/data097
/home/Dima/processed/tread2/data098
/home/Dima/processed/tread2/data099
/home/Dima/processed/tread2/data100
/home/Dima/new/data001
/home/Dima/new/data002
/home/Dima/new/data003
/home/Dima/new/data004
/home/Dima/new/data005
/home/Dima/new/data006
/home/Dima/new/data007
/home/Dima/new/data008
/home/Dima/new/data009
/home/Dima/new/data010
/home/Dima/new/data011
/home/Dima/new/data012
/home/Dima/new/data013
/home/Dima/new/data014
/home/Dima/new/data015
/home/Dima/new/data016
/home/Dima/new/data017
/home/Dima/new/data018
/home/Dima/new/data019
/home/Dima/new/data020
/home/Dima/new/data021
/home/Dima/new/data022
/home/Dima/new/data023
/home/Dima/new/data024
/home/Dima/new/data025
/home/Dima/new/data026
/home/Dima/new/data027
/home/Dima/new/data028
/home/Dima/new/data029
/home/Dima/new/data030
/home/Dima/new/data031
/home/Dima/new/data032
/home/Dima/new/data033
/home/Dima/new/data034
/home/Dima/new/data035
/home/Dima/new/data036
/home/Dima/new/data037
/home/Dima/new/data038
/home/Dima/new/data039
/home/Dima/new/data040
/home/Dima/new/data041
/home/Dima/new/data042
/home/Dima/new/data043
/home/Dima/new/data044
/home/Dima/new/data045
/home/Dima/new/data046
/home/Dima/new/data047
/home/Dima/new/data048
/home/Dima/new/data049
/home/Dima/new/data050
/home/Dima/new/data051
/home/Dima/new/data052
/home/Dima/new/data053
/home/Dima/new/data054
/home/Dima/new/data055
/home/Dima/new/data056
/home/Dima/new/data057
/home/Dima/new/data058
/home/Dima/new/data059
/home/Dima/new/data060
/home/Dima/new/data061
/home/Dima/new/data062
/home/Dima/new/data063
/home/Dima/new/data064
/home/Dima/new/data065
/home/Dima/new/data066
/home/Dima/new/data067
/home/Dima/new/data068
/home/Dima/new/data069
/home/Dima/new/data070
/home/Dima/new/data071
/home/Dima/new/data072
/home/Dima/new/data073
/home/Dima/new/data074
/home/Dima/new/data075
/home/Dima/new/data076
/home/Dima/new/data077
/home/Dima/new/data078
/home/Dima/new/data079
/home/Dima/new/data080
/home/Dima/new/data081
/home/Dima/new/data082
/home/Dima/new/data083
/home/Dima/new/data084
/home/Dima/new/data085
/home/Dima/new/data086
/home/Dima/new/data087
/home/Dima/new/data088
/home/Dima/new/data089
/home/Dima/new/data090
/home/Dima/new/data091
/home/Dima/new/data092
/home/Dima/new/data093
/home/Dima/new/data094
/home/Dima/new/data095
/home/Dima/new/data096
/home/Dima/new/data097
/home/Dima/new/data098
/home/Dima/new/data099
/home/Dima/new/data100


[Dima@test processed]$ cd ~
[Dima@test ~]$ cd new
[Dima@test new]$ ls -a
.  ..
